
template 
{
    name = "template_213";
    type = TEXTUAL;
    width = 100;
    maxheight = 120;
    columns = (1, 1);
    gap = 1;
    fillpolicy = EVEN;
    filldirection = HORIZONTAL;
    margins = (0, 0, 0, 0);
    gridxspacing = 1;
    gridyspacing = 1;
    version = 3.21;
    created = "29.10.2004 12:13";
    modified = "14.12.2014 12:02";
    notes = "Converted template";

    pageheader 
    {
        name = "PAGEHEADER";
        height = 3;
        outputpolicy = NONE;

        text 
        {
            name = "text_258";
            x1 = 16;
            y1 = 2;
            x2 = 16;
            y2 = 2;
            string = "------------------";
            fontname = "Courier New";
            fontcolor = 153;
            fonttype = 2;
            fontsize = 0.8;
            fontratio = 0.75;
            fontslant = 0;
            fontstyle = 0;
            angle = 0;
            justify = LEFT;
            pen = 0;
        };

        text 
        {
            name = "text_257";
            x1 = 34;
            y1 = 2;
            x2 = 34;
            y2 = 2;
            string = "------------------";
            fontname = "Courier New";
            fontcolor = 153;
            fonttype = 2;
            fontsize = 0.8;
            fontratio = 0.75;
            fontslant = 0;
            fontstyle = 0;
            angle = 0;
            justify = LEFT;
            pen = 0;
        };

        text 
        {
            name = "text_256";
            x1 = 52;
            y1 = 2;
            x2 = 52;
            y2 = 2;
            string = "-------------------------";
            fontname = "Courier New";
            fontcolor = 153;
            fonttype = 2;
            fontsize = 0.8;
            fontratio = 0.75;
            fontslant = 0;
            fontstyle = 0;
            angle = 0;
            justify = LEFT;
            pen = 0;
        };

        text 
        {
            name = "text_2545";
            x1 = 0;
            y1 = 2;
            x2 = 0;
            y2 = 2;
            string = "----------------";
            fontname = "Courier New";
            fontcolor = 153;
            fonttype = 2;
            fontsize = 0.8;
            fontratio = 0.75;
            fontslant = 0;
            fontstyle = 0;
            angle = 0;
            justify = LEFT;
            pen = 0;
        };

        text _tmp_9
        {
            name = "Text_1";
            x1 = 0;
            y1 = 0;
            x2 = 0;
            y2 = 0;
            string = "----------------";
            fontname = "Courier New";
            fontcolor = 153;
            fonttype = 2;
            fontsize = 0.8;
            fontratio = 0.75;
            fontslant = 0;
            fontstyle = 0;
            angle = 0;
            justify = LEFT;
            pen = 0;
        };

        text _tmp_10
        {
            name = "Text_2";
            x1 = 16;
            y1 = 0;
            x2 = 16;
            y2 = 0;
            string = "------------------";
            fontname = "Courier New";
            fontcolor = 153;
            fonttype = 2;
            fontsize = 0.8;
            fontratio = 0.75;
            fontslant = 0;
            fontstyle = 0;
            angle = 0;
            justify = LEFT;
            pen = 0;
        };

        text _tmp_11
        {
            name = "Text_3";
            x1 = 34;
            y1 = 0;
            x2 = 34;
            y2 = 0;
            string = "------------------";
            fontname = "Courier New";
            fontcolor = 153;
            fonttype = 2;
            fontsize = 0.8;
            fontratio = 0.75;
            fontslant = 0;
            fontstyle = 0;
            angle = 0;
            justify = LEFT;
            pen = 0;
        };

        text _tmp_12
        {
            name = "Text_4";
            x1 = 52;
            y1 = 0;
            x2 = 52;
            y2 = 0;
            string = "-------------------------";
            fontname = "Courier New";
            fontcolor = 153;
            fonttype = 2;
            fontsize = 0.8;
            fontratio = 0.75;
            fontslant = 0;
            fontstyle = 0;
            angle = 0;
            justify = LEFT;
            pen = 0;
        };

        valuefield _tmp_32087
        {
            name = "PourBreak";
            location = (31, 1);
            formula = "GetValue(\"TranslatedText(\"j_d_j_Pour_Break\")\")";
            datatype = STRING;
            class = "";
            cacheable = TRUE;
            justify = LEFT;
            visibility = TRUE;
            angle = 0;
            length = 30;
            decimals = 0;
            sortdirection = NONE;
            fontname = "Courier New";
            fontcolor = 153;
            fonttype = 2;
            fontsize = 5;
            fontratio = 1.5;
            fontstyle = 0;
            fontslant = 0;
            pen = -1;
            oncombine = NONE;
        };
    };

    row _tmp_14464
    {
        name = "POUR_BREAK";
        height = 5;
        visibility = TRUE;
        usecolumns = FALSE;
        rule = "";
        contenttype = "POUR_BREAK";
        sorttype = COMBINE;

        valuefield _tmp_14504
        {
            name = "BREAK_TYPE_field";
            location = (31, 3);
            formula = "\":  \"+GetValue(\"USERDEFINED.BREAK_TYPE\")";
            datatype = STRING;
            class = "";
            cacheable = TRUE;
            justify = LEFT;
            visibility = TRUE;
            angle = 0;
            length = 50;
            decimals = 0;
            sortdirection = NONE;
            fontname = "Arial Narrow";
            fontcolor = 153;
            fonttype = 2;
            fontsize = 5;
            fontratio = 1.5;
            fontstyle = 0;
            fontslant = 0;
            pen = -1;
            oncombine = NONE;
        };

        valuefield _tmp_1500
        {
            name = "COMMENT_field";
            location = (31, 2);
            formula = "\":  \"+GetValue(\"USERDEFINED.COMMENT\")";
            datatype = STRING;
            class = "";
            cacheable = TRUE;
            justify = LEFT;
            visibility = TRUE;
            angle = 0;
            length = 50;
            decimals = 0;
            sortdirection = NONE;
            fontname = "Arial Narrow";
            fontcolor = 153;
            fonttype = 2;
            fontsize = 5;
            fontratio = 1.5;
            fontstyle = 0;
            fontslant = 0;
            pen = -1;
            oncombine = NONE;
        };

        valuefield _tmp_31990
        {
            name = "PourbreakType_1";
            location = (1, 3);
            formula = "GetValue(\"TranslatedText(\"j_d_j_Pour_break_type\")\")";
            datatype = STRING;
            class = "";
            cacheable = TRUE;
            justify = LEFT;
            visibility = TRUE;
            angle = 0;
            length = 30;
            decimals = 0;
            sortdirection = NONE;
            fontname = "Courier New";
            fontcolor = 153;
            fonttype = 2;
            fontsize = 5;
            fontratio = 1.5;
            fontstyle = 0;
            fontslant = 0;
            pen = -1;
            oncombine = NONE;
        };

        valuefield _tmp_31994
        {
            name = "Comment_1";
            location = (1, 2);
            formula = "GetValue(\"TranslatedText(\"j_d_j_comment\")\")";
            datatype = STRING;
            class = "";
            cacheable = TRUE;
            justify = LEFT;
            visibility = TRUE;
            angle = 0;
            length = 30;
            decimals = 0;
            sortdirection = NONE;
            fontname = "Courier New";
            fontcolor = 153;
            fonttype = 2;
            fontsize = 5;
            fontratio = 1.5;
            fontstyle = 0;
            fontslant = 0;
            pen = -1;
            oncombine = NONE;
        };

        text _tmp_20001
        {
            name = "GUID";
            x1 = 1;
            y1 = 1;
            x2 = 1;
            y2 = 1;
            string = "GUID";
            fontname = "Arial Narrow";
            fontcolor = 153;
            fonttype = 2;
            fontsize = 2.5;
            fontratio = 1;
            fontslant = 0;
            fontstyle = 0;
            angle = 0;
            justify = LEFT;
            pen = -1;
        };

        valuefield _tmp_20002
        {
            name = "GUID_field";
            location = (31, 1);
            formula = "\":  \"+GetValue(\"GUID\")";
            datatype = STRING;
            class = "";
            cacheable = TRUE;
            justify = LEFT;
            visibility = TRUE;
            angle = 0;
            length = 50;
            decimals = 0;
            sortdirection = NONE;
            fontname = "Arial Narrow";
            fontcolor = 153;
            fonttype = 2;
            fontsize = 5;
            fontratio = 1.5;
            fontstyle = 0;
            fontslant = 0;
            pen = -1;
            oncombine = NONE;
        };
    };
};
